Archive member included to satisfy reference by file (symbol)

c:/program files (x86)/atmel/studio/7.0/toolchain/avr8/avr8-gnu-toolchain/bin/../lib/gcc/avr/5.4.0/../../../../avr/lib/avr5\libm.a(cmpsf2.o)
                              APP/Questions/emoji.o (__ltsf2)
c:/program files (x86)/atmel/studio/7.0/toolchain/avr8/avr8-gnu-toolchain/bin/../lib/gcc/avr/5.4.0/../../../../avr/lib/avr5\libm.a(fixunssfsi.o)
                              APP/Questions/emoji.o (__fixunssfsi)
c:/program files (x86)/atmel/studio/7.0/toolchain/avr8/avr8-gnu-toolchain/bin/../lib/gcc/avr/5.4.0/../../../../avr/lib/avr5\libm.a(floatsisf.o)
                              ICU.o (__floatunsisf)
c:/program files (x86)/atmel/studio/7.0/toolchain/avr8/avr8-gnu-toolchain/bin/../lib/gcc/avr/5.4.0/../../../../avr/lib/avr5\libm.a(fp_cmp.o)
                              c:/program files (x86)/atmel/studio/7.0/toolchain/avr8/avr8-gnu-toolchain/bin/../lib/gcc/avr/5.4.0/../../../../avr/lib/avr5\libm.a(cmpsf2.o) (__fp_cmp)
c:/program files (x86)/atmel/studio/7.0/toolchain/avr8/avr8-gnu-toolchain/bin/../lib/gcc/avr/5.4.0/../../../../avr/lib/avr5\libm.a(fp_split3.o)
                              c:/program files (x86)/atmel/studio/7.0/toolchain/avr8/avr8-gnu-toolchain/bin/../lib/gcc/avr/5.4.0/../../../../avr/lib/avr5\libm.a(fixunssfsi.o) (__fp_splitA)
c:/program files (x86)/atmel/studio/7.0/toolchain/avr8/avr8-gnu-toolchain/bin/../lib/gcc/avr/5.4.0/../../../../avr/lib/avr5\libm.a(fp_zero.o)
                              c:/program files (x86)/atmel/studio/7.0/toolchain/avr8/avr8-gnu-toolchain/bin/../lib/gcc/avr/5.4.0/../../../../avr/lib/avr5\libm.a(fixunssfsi.o) (__fp_zero)
c:/program files (x86)/atmel/studio/7.0/toolchain/avr8/avr8-gnu-toolchain/bin/../lib/gcc/avr/5.4.0/../../../../avr/lib/avr5\libm.a(gesf2.o)
                              APP/Questions/emoji.o (__gtsf2)
c:/program files (x86)/atmel/studio/7.0/toolchain/avr8/avr8-gnu-toolchain/bin/../lib/gcc/avr/5.4.0/../../../../avr/lib/avr5\libm.a(mulsf3.o)
                              APP/Questions/emoji.o (__mulsf3)
c:/program files (x86)/atmel/studio/7.0/toolchain/avr8/avr8-gnu-toolchain/bin/../lib/gcc/avr/5.4.0/../../../../avr/lib/avr5\libm.a(mulsf3x.o)
                              c:/program files (x86)/atmel/studio/7.0/toolchain/avr8/avr8-gnu-toolchain/bin/../lib/gcc/avr/5.4.0/../../../../avr/lib/avr5\libm.a(mulsf3.o) (__mulsf3x)
c:/program files (x86)/atmel/studio/7.0/toolchain/avr8/avr8-gnu-toolchain/bin/../lib/gcc/avr/5.4.0/../../../../avr/lib/avr5\libm.a(fp_inf.o)
                              c:/program files (x86)/atmel/studio/7.0/toolchain/avr8/avr8-gnu-toolchain/bin/../lib/gcc/avr/5.4.0/../../../../avr/lib/avr5\libm.a(mulsf3x.o) (__fp_inf)
c:/program files (x86)/atmel/studio/7.0/toolchain/avr8/avr8-gnu-toolchain/bin/../lib/gcc/avr/5.4.0/../../../../avr/lib/avr5\libm.a(fp_nan.o)
                              c:/program files (x86)/atmel/studio/7.0/toolchain/avr8/avr8-gnu-toolchain/bin/../lib/gcc/avr/5.4.0/../../../../avr/lib/avr5\libm.a(mulsf3x.o) (__fp_nan)
c:/program files (x86)/atmel/studio/7.0/toolchain/avr8/avr8-gnu-toolchain/bin/../lib/gcc/avr/5.4.0/../../../../avr/lib/avr5\libm.a(fp_pscA.o)
                              c:/program files (x86)/atmel/studio/7.0/toolchain/avr8/avr8-gnu-toolchain/bin/../lib/gcc/avr/5.4.0/../../../../avr/lib/avr5\libm.a(mulsf3x.o) (__fp_pscA)
c:/program files (x86)/atmel/studio/7.0/toolchain/avr8/avr8-gnu-toolchain/bin/../lib/gcc/avr/5.4.0/../../../../avr/lib/avr5\libm.a(fp_pscB.o)
                              c:/program files (x86)/atmel/studio/7.0/toolchain/avr8/avr8-gnu-toolchain/bin/../lib/gcc/avr/5.4.0/../../../../avr/lib/avr5\libm.a(mulsf3x.o) (__fp_pscB)
c:/program files (x86)/atmel/studio/7.0/toolchain/avr8/avr8-gnu-toolchain/bin/../lib/gcc/avr/5.4.0/../../../../avr/lib/avr5\libm.a(fp_round.o)
                              c:/program files (x86)/atmel/studio/7.0/toolchain/avr8/avr8-gnu-toolchain/bin/../lib/gcc/avr/5.4.0/../../../../avr/lib/avr5\libm.a(mulsf3.o) (__fp_round)
c:/program files (x86)/atmel/studio/7.0/toolchain/avr8/avr8-gnu-toolchain/bin/../lib/gcc/avr/5.4.0/avr5\libgcc.a(_udivmodhi4.o)
                              ICU.o (__udivmodhi4)
c:/program files (x86)/atmel/studio/7.0/toolchain/avr8/avr8-gnu-toolchain/bin/../lib/gcc/avr/5.4.0/avr5\libgcc.a(_exit.o)
                              C:/Program Files (x86)/Atmel/Studio/7.0/Packs/atmel/ATmega_DFP/1.2.209/gcc/dev/atmega32/avr5/crtatmega32.o (exit)
c:/program files (x86)/atmel/studio/7.0/toolchain/avr8/avr8-gnu-toolchain/bin/../lib/gcc/avr/5.4.0/avr5\libgcc.a(_copy_data.o)
                              APP/Questions/emoji.o (__do_copy_data)
c:/program files (x86)/atmel/studio/7.0/toolchain/avr8/avr8-gnu-toolchain/bin/../lib/gcc/avr/5.4.0/avr5\libgcc.a(_clear_bss.o)
                              APP/Questions/emoji.o (__do_clear_bss)

Allocating common symbols
Common symbol       size              file

Call_Back_Flag      0x1               APP/TTC Schedular/TTC_Sources/TTC_Schedular.o
_                   0x2               HAL/sources/DC_Motor.o

Discarded input sections

 .data          0x00000000        0x0 C:/Program Files (x86)/Atmel/Studio/7.0/Packs/atmel/ATmega_DFP/1.2.209/gcc/dev/atmega32/avr5/crtatmega32.o
 .bss           0x00000000        0x0 C:/Program Files (x86)/Atmel/Studio/7.0/Packs/atmel/ATmega_DFP/1.2.209/gcc/dev/atmega32/avr5/crtatmega32.o
 .text          0x00000000        0x0 APP/Questions/emoji.o
 .data          0x00000000        0x0 APP/Questions/emoji.o
 .bss           0x00000000        0x0 APP/Questions/emoji.o
 .bss.TIMER0_tick_counter
                0x00000000        0x1 APP/Questions/emoji.o
 .text.smile    0x00000000       0x46 APP/Questions/emoji.o
 .text.Welcome_Emoji
                0x00000000      0x12a APP/Questions/emoji.o
 .text.sad      0x00000000       0x46 APP/Questions/emoji.o
 .rodata        0x00000000        0xd APP/Questions/emoji.o
 .text.True_Emoji
                0x00000000      0x20e APP/Questions/emoji.o
 .text.False_Emoji
                0x00000000      0x20e APP/Questions/emoji.o
 .debug_info    0x00000000      0x1ef APP/Questions/emoji.o
 .debug_abbrev  0x00000000      0x12b APP/Questions/emoji.o
 .debug_loc     0x00000000      0x133 APP/Questions/emoji.o
 .debug_aranges
                0x00000000       0x40 APP/Questions/emoji.o
 .debug_ranges  0x00000000       0x30 APP/Questions/emoji.o
 .debug_line    0x00000000      0x68f APP/Questions/emoji.o
 .debug_str     0x00000000      0x233 APP/Questions/emoji.o
 .comment       0x00000000       0x31 APP/Questions/emoji.o
 .debug_frame   0x00000000       0xb4 APP/Questions/emoji.o
 .text          0x00000000        0x0 APP/Questions/questions.o
 .data          0x00000000        0x0 APP/Questions/questions.o
 .bss           0x00000000        0x0 APP/Questions/questions.o
 .bss.TIMER0_tick_counter
                0x00000000        0x1 APP/Questions/questions.o
 .bss.Global_u8_APP_questions_stages
                0x00000000        0x1 APP/Questions/questions.o
 .bss.Global_u8_score
                0x00000000        0x1 APP/Questions/questions.o
 .rodata        0x00000000       0x7b APP/Questions/questions.o
 .data.Global_arr_questions_ptr
                0x00000000        0xc APP/Questions/questions.o
 .data.Glocal_arr_questions_answer
                0x00000000        0x6 APP/Questions/questions.o
 .text.APP_questions_init
                0x00000000       0x24 APP/Questions/questions.o
 .text.APP_questions_show_welcome_screen
                0x00000000      0x402 APP/Questions/questions.o
 .text.APP_questions_press_any_btn_to_start
                0x00000000      0x252 APP/Questions/questions.o
 .text.APP_questions_questions_stage
                0x00000000       0x96 APP/Questions/questions.o
 .text.APP_questions_wait_for_answer
                0x00000000      0x240 APP/Questions/questions.o
 .text.APP_questions_check_answer
                0x00000000      0x446 APP/Questions/questions.o
 .text.APP_questions_show_score
                0x00000000       0x3c APP/Questions/questions.o
 .debug_info    0x00000000      0x70d APP/Questions/questions.o
 .debug_abbrev  0x00000000      0x127 APP/Questions/questions.o
 .debug_loc     0x00000000      0x1cd APP/Questions/questions.o
 .debug_aranges
                0x00000000       0x50 APP/Questions/questions.o
 .debug_ranges  0x00000000       0x40 APP/Questions/questions.o
 .debug_line    0x00000000      0x757 APP/Questions/questions.o
 .debug_str     0x00000000      0x360 APP/Questions/questions.o
 .comment       0x00000000       0x31 APP/Questions/questions.o
 .debug_frame   0x00000000       0xf4 APP/Questions/questions.o
 .text          0x00000000        0x0 APP/Traffic_light_int/Traffic_light_int.o
 .data          0x00000000        0x0 APP/Traffic_light_int/Traffic_light_int.o
 .bss           0x00000000        0x0 APP/Traffic_light_int/Traffic_light_int.o
 .bss.TIMER0_tick_counter
                0x00000000        0x1 APP/Traffic_light_int/Traffic_light_int.o
 .bss.Global_u16_delay_ticks
                0x00000000        0x2 APP/Traffic_light_int/Traffic_light_int.o
 .bss.Global_u8_traffic_states
                0x00000000        0x1 APP/Traffic_light_int/Traffic_light_int.o
 .text.Traffic_light_init
                0x00000000       0x38 APP/Traffic_light_int/Traffic_light_int.o
 .text.Traffic_light_delay_ISR
                0x00000000       0x3c APP/Traffic_light_int/Traffic_light_int.o
 .text.Traffic_light_swap_states
                0x00000000       0x88 APP/Traffic_light_int/Traffic_light_int.o
 .text          0x00000000        0x0 APP/TTC Schedular/TTC_Sources/Tasks.o
 .data          0x00000000        0x0 APP/TTC Schedular/TTC_Sources/Tasks.o
 .bss           0x00000000        0x0 APP/TTC Schedular/TTC_Sources/Tasks.o
 .text          0x00000000        0x0 APP/TTC Schedular/TTC_Sources/TTC_Schedular.o
 .data          0x00000000        0x0 APP/TTC Schedular/TTC_Sources/TTC_Schedular.o
 .bss           0x00000000        0x0 APP/TTC Schedular/TTC_Sources/TTC_Schedular.o
 .bss.Task_counter
                0x00000000        0x1 APP/TTC Schedular/TTC_Sources/TTC_Schedular.o
 .text.TTC_Schedular
                0x00000000       0x28 APP/TTC Schedular/TTC_Sources/TTC_Schedular.o
 .text.TTC_Schedular_Select_Ready_Tasks
                0x00000000       0x70 APP/TTC Schedular/TTC_Sources/TTC_Schedular.o
 .text.schedulerInit_AndStart
                0x00000000       0x4c APP/TTC Schedular/TTC_Sources/TTC_Schedular.o
 .text          0x00000000        0x0 DIO.o
 .data          0x00000000        0x0 DIO.o
 .bss           0x00000000        0x0 DIO.o
 .text.DIO_WritePin
                0x00000000      0x20a DIO.o
 .text.DIO_ReadPin
                0x00000000      0x13e DIO.o
 .text          0x00000000        0x0 HAL/sources/DC_Motor.o
 .data          0x00000000        0x0 HAL/sources/DC_Motor.o
 .bss           0x00000000        0x0 HAL/sources/DC_Motor.o
 .bss.TIMER0_tick_counter
                0x00000000        0x1 HAL/sources/DC_Motor.o
 .text.DC_Motor_init
                0x00000000       0x28 HAL/sources/DC_Motor.o
 .text.DC_Motor1_direction
                0x00000000       0x64 HAL/sources/DC_Motor.o
 .text.DC_MOTOR1_Control_Speed
                0x00000000       0x1c HAL/sources/DC_Motor.o
 .debug_info    0x00000000      0x103 HAL/sources/DC_Motor.o
 .debug_abbrev  0x00000000       0x98 HAL/sources/DC_Motor.o
 .debug_loc     0x00000000       0xcb HAL/sources/DC_Motor.o
 .debug_aranges
                0x00000000       0x30 HAL/sources/DC_Motor.o
 .debug_ranges  0x00000000       0x20 HAL/sources/DC_Motor.o
 .debug_line    0x00000000      0x13e HAL/sources/DC_Motor.o
 .debug_str     0x00000000      0x219 HAL/sources/DC_Motor.o
 .comment       0x00000000       0x31 HAL/sources/DC_Motor.o
 .debug_frame   0x00000000       0x74 HAL/sources/DC_Motor.o
 COMMON         0x00000000        0x2 HAL/sources/DC_Motor.o
 .text          0x00000000        0x0 HAL/sources/keypad.o
 .data          0x00000000        0x0 HAL/sources/keypad.o
 .bss           0x00000000        0x0 HAL/sources/keypad.o
 .text.Keypad_init
                0x00000000       0x52 HAL/sources/keypad.o
 .text.Keypad_getPressedKey
                0x00000000       0x6c HAL/sources/keypad.o
 .debug_info    0x00000000       0xcb HAL/sources/keypad.o
 .debug_abbrev  0x00000000       0x6d HAL/sources/keypad.o
 .debug_loc     0x00000000       0x90 HAL/sources/keypad.o
 .debug_aranges
                0x00000000       0x28 HAL/sources/keypad.o
 .debug_ranges  0x00000000       0x18 HAL/sources/keypad.o
 .debug_line    0x00000000      0x132 HAL/sources/keypad.o
 .debug_str     0x00000000      0x1dd HAL/sources/keypad.o
 .comment       0x00000000       0x31 HAL/sources/keypad.o
 .debug_frame   0x00000000       0x54 HAL/sources/keypad.o
 .text          0x00000000        0x0 HAL/sources/LCD.o
 .data          0x00000000        0x0 HAL/sources/LCD.o
 .bss           0x00000000        0x0 HAL/sources/LCD.o
 .bss.TIMER0_tick_counter
                0x00000000        0x1 HAL/sources/LCD.o
 .text.LCD_init
                0x00000000      0x154 HAL/sources/LCD.o
 .text.LCD_sendCommand
                0x00000000      0x42c HAL/sources/LCD.o
 .text.LCD_displayCharacter
                0x00000000      0x744 HAL/sources/LCD.o
 .text.LCD_display_string
                0x00000000       0x54 HAL/sources/LCD.o
 .text.LCD_gotoRowColumn
                0x00000000       0x44 HAL/sources/LCD.o
 .text.LCD_sendString_RowCol
                0x00000000       0x34 HAL/sources/LCD.o
 .text.LCD_clear
                0x00000000       0x16 HAL/sources/LCD.o
 .debug_info    0x00000000      0x730 HAL/sources/LCD.o
 .debug_abbrev  0x00000000      0x14d HAL/sources/LCD.o
 .debug_loc     0x00000000      0x203 HAL/sources/LCD.o
 .debug_aranges
                0x00000000       0x50 HAL/sources/LCD.o
 .debug_ranges  0x00000000       0x88 HAL/sources/LCD.o
 .debug_line    0x00000000      0x63d HAL/sources/LCD.o
 .debug_str     0x00000000      0x53c HAL/sources/LCD.o
 .comment       0x00000000       0x31 HAL/sources/LCD.o
 .debug_frame   0x00000000      0x100 HAL/sources/LCD.o
 .text          0x00000000        0x0 HAL/sources/seven_seg.o
 .data          0x00000000        0x0 HAL/sources/seven_seg.o
 .bss           0x00000000        0x0 HAL/sources/seven_seg.o
 .text.BCDSevegments_init
                0x00000000       0x58 HAL/sources/seven_seg.o
 .text.BCDSevegments_enable
                0x00000000       0x62 HAL/sources/seven_seg.o
 .text.BCDSevegments_disable
                0x00000000       0x62 HAL/sources/seven_seg.o
 .text.BCDSevegments_displayNo
                0x00000000       0x52 HAL/sources/seven_seg.o
 .debug_info    0x00000000       0xf9 HAL/sources/seven_seg.o
 .debug_abbrev  0x00000000       0x85 HAL/sources/seven_seg.o
 .debug_loc     0x00000000      0x113 HAL/sources/seven_seg.o
 .debug_aranges
                0x00000000       0x38 HAL/sources/seven_seg.o
 .debug_ranges  0x00000000       0x28 HAL/sources/seven_seg.o
 .debug_line    0x00000000      0x1a7 HAL/sources/seven_seg.o
 .debug_str     0x00000000      0x213 HAL/sources/seven_seg.o
 .comment       0x00000000       0x31 HAL/sources/seven_seg.o
 .debug_frame   0x00000000       0x94 HAL/sources/seven_seg.o
 .text          0x00000000        0x0 ICU.o
 .data          0x00000000        0x0 ICU.o
 .bss           0x00000000        0x0 ICU.o
 .bss.TIMER0_tick_counter
                0x00000000        0x1 ICU.o
 .text.Timer1_ICU_init
                0x00000000       0x52 ICU.o
 .text.Timer1_ICU_calculate_duty_cycle
                0x00000000      0x1a4 ICU.o
 .debug_info    0x00000000      0x106 ICU.o
 .debug_abbrev  0x00000000       0x78 ICU.o
 .debug_loc     0x00000000       0x82 ICU.o
 .debug_aranges
                0x00000000       0x28 ICU.o
 .debug_ranges  0x00000000       0x18 ICU.o
 .debug_line    0x00000000      0x181 ICU.o
 .debug_str     0x00000000      0x21d ICU.o
 .comment       0x00000000       0x31 ICU.o
 .debug_frame   0x00000000       0x54 ICU.o
 .text          0x00000000        0x0 main.o
 .data          0x00000000        0x0 main.o
 .bss           0x00000000        0x0 main.o
 .bss.TIMER0_tick_counter
                0x00000000        0x1 main.o
 .bss.Global_u8_APP_questions_stages
                0x00000000        0x1 main.o
 .bss.Global_u8_score
                0x00000000        0x1 main.o
 .rodata        0x00000000       0x56 main.o
 .data.Global_arr_questions_ptr
                0x00000000        0xc main.o
 .data.Glocal_arr_questions_answer
                0x00000000        0x6 main.o
 .bss.Global_u16_delay_ticks
                0x00000000        0x2 main.o
 .bss.Global_u8_traffic_states
                0x00000000        0x1 main.o
 .bss.Task_counter
                0x00000000        0x1 main.o
 .bss.Ready_Tasks_PTR_Array
                0x00000000        0x4 main.o
 .text          0x00000000        0x0 MCAL/Sources/PWM.o
 .data          0x00000000        0x0 MCAL/Sources/PWM.o
 .bss           0x00000000        0x0 MCAL/Sources/PWM.o
 .bss.TIMER0_tick_counter
                0x00000000        0x1 MCAL/Sources/PWM.o
 .text.TIMER1_FAST_PWM_Pre_Compile_Config
                0x00000000       0x14 MCAL/Sources/PWM.o
 .text.TIMER1_FAST_PWM_init
                0x00000000      0x216 MCAL/Sources/PWM.o
 .text.TIMER1_FAST_PWM_OCR_VALUES
                0x00000000       0x34 MCAL/Sources/PWM.o
 .text.TIMER1_FAST_PWM_OCR_VALS_using_DC
                0x00000000       0x36 MCAL/Sources/PWM.o
 .debug_info    0x00000000      0x14e MCAL/Sources/PWM.o
 .debug_abbrev  0x00000000       0xa1 MCAL/Sources/PWM.o
 .debug_loc     0x00000000      0x113 MCAL/Sources/PWM.o
 .debug_aranges
                0x00000000       0x38 MCAL/Sources/PWM.o
 .debug_ranges  0x00000000       0x28 MCAL/Sources/PWM.o
 .debug_line    0x00000000      0x259 MCAL/Sources/PWM.o
 .debug_str     0x00000000      0x294 MCAL/Sources/PWM.o
 .comment       0x00000000       0x31 MCAL/Sources/PWM.o
 .debug_frame   0x00000000       0x94 MCAL/Sources/PWM.o
 .text          0x00000000        0x0 software_delay.o
 .data          0x00000000        0x0 software_delay.o
 .bss           0x00000000        0x0 software_delay.o
 .text.function_delay
                0x00000000       0x6a software_delay.o
 .debug_info    0x00000000       0xa0 software_delay.o
 .debug_abbrev  0x00000000       0x64 software_delay.o
 .debug_loc     0x00000000       0x47 software_delay.o
 .debug_aranges
                0x00000000       0x20 software_delay.o
 .debug_ranges  0x00000000       0x10 software_delay.o
 .debug_line    0x00000000       0x6c software_delay.o
 .debug_str     0x00000000      0x1bf software_delay.o
 .comment       0x00000000       0x31 software_delay.o
 .debug_frame   0x00000000       0x34 software_delay.o
 .text          0x00000000        0x0 Timers.o
 .data          0x00000000        0x0 Timers.o
 .bss           0x00000000        0x0 Timers.o
 .bss.TIMER0_tick_counter
                0x00000000        0x1 Timers.o
 .text.Call_Back
                0x00000000       0x28 Timers.o
 .text.TIMER0_OVF_init
                0x00000000       0x76 Timers.o
 .text.TIMER0_Delay_OVF
                0x00000000       0x72 Timers.o
 .text.TIMER0_Delay_OCR
                0x00000000       0x76 Timers.o
 .text.TIMER0_Delay_OCR_using_interrupt
                0x00000000       0x24 Timers.o
 .text.TIMER1_PRE_COMPILE_CONFIGURATIONS
                0x00000000       0x46 Timers.o
 .text          0x00000000        0x0 c:/program files (x86)/atmel/studio/7.0/toolchain/avr8/avr8-gnu-toolchain/bin/../lib/gcc/avr/5.4.0/../../../../avr/lib/avr5\libm.a(cmpsf2.o)
 .data          0x00000000        0x0 c:/program files (x86)/atmel/studio/7.0/toolchain/avr8/avr8-gnu-toolchain/bin/../lib/gcc/avr/5.4.0/../../../../avr/lib/avr5\libm.a(cmpsf2.o)
 .bss           0x00000000        0x0 c:/program files (x86)/atmel/studio/7.0/toolchain/avr8/avr8-gnu-toolchain/bin/../lib/gcc/avr/5.4.0/../../../../avr/lib/avr5\libm.a(cmpsf2.o)
 .text.avr-libc.fplib
                0x00000000        0xa c:/program files (x86)/atmel/studio/7.0/toolchain/avr8/avr8-gnu-toolchain/bin/../lib/gcc/avr/5.4.0/../../../../avr/lib/avr5\libm.a(cmpsf2.o)
 .text          0x00000000        0x0 c:/program files (x86)/atmel/studio/7.0/toolchain/avr8/avr8-gnu-toolchain/bin/../lib/gcc/avr/5.4.0/../../../../avr/lib/avr5\libm.a(fixunssfsi.o)
 .data          0x00000000        0x0 c:/program files (x86)/atmel/studio/7.0/toolchain/avr8/avr8-gnu-toolchain/bin/../lib/gcc/avr/5.4.0/../../../../avr/lib/avr5\libm.a(fixunssfsi.o)
 .bss           0x00000000        0x0 c:/program files (x86)/atmel/studio/7.0/toolchain/avr8/avr8-gnu-toolchain/bin/../lib/gcc/avr/5.4.0/../../../../avr/lib/avr5\libm.a(fixunssfsi.o)
 .text.avr-libc.fplib
                0x00000000       0x5e c:/program files (x86)/atmel/studio/7.0/toolchain/avr8/avr8-gnu-toolchain/bin/../lib/gcc/avr/5.4.0/../../../../avr/lib/avr5\libm.a(fixunssfsi.o)
 .text          0x00000000        0x0 c:/program files (x86)/atmel/studio/7.0/toolchain/avr8/avr8-gnu-toolchain/bin/../lib/gcc/avr/5.4.0/../../../../avr/lib/avr5\libm.a(floatsisf.o)
 .data          0x00000000        0x0 c:/program files (x86)/atmel/studio/7.0/toolchain/avr8/avr8-gnu-toolchain/bin/../lib/gcc/avr/5.4.0/../../../../avr/lib/avr5\libm.a(floatsisf.o)
 .bss           0x00000000        0x0 c:/program files (x86)/atmel/studio/7.0/toolchain/avr8/avr8-gnu-toolchain/bin/../lib/gcc/avr/5.4.0/../../../../avr/lib/avr5\libm.a(floatsisf.o)
 .text.avr-libc.fplib
                0x00000000       0x7a c:/program files (x86)/atmel/studio/7.0/toolchain/avr8/avr8-gnu-toolchain/bin/../lib/gcc/avr/5.4.0/../../../../avr/lib/avr5\libm.a(floatsisf.o)
 .text          0x00000000        0x0 c:/program files (x86)/atmel/studio/7.0/toolchain/avr8/avr8-gnu-toolchain/bin/../lib/gcc/avr/5.4.0/../../../../avr/lib/avr5\libm.a(fp_cmp.o)
 .data          0x00000000        0x0 c:/program files (x86)/atmel/studio/7.0/toolchain/avr8/avr8-gnu-toolchain/bin/../lib/gcc/avr/5.4.0/../../../../avr/lib/avr5\libm.a(fp_cmp.o)
 .bss           0x00000000        0x0 c:/program files (x86)/atmel/studio/7.0/toolchain/avr8/avr8-gnu-toolchain/bin/../lib/gcc/avr/5.4.0/../../../../avr/lib/avr5\libm.a(fp_cmp.o)
 .text.avr-libc.fplib
                0x00000000       0x48 c:/program files (x86)/atmel/studio/7.0/toolchain/avr8/avr8-gnu-toolchain/bin/../lib/gcc/avr/5.4.0/../../../../avr/lib/avr5\libm.a(fp_cmp.o)
 .text          0x00000000        0x0 c:/program files (x86)/atmel/studio/7.0/toolchain/avr8/avr8-gnu-toolchain/bin/../lib/gcc/avr/5.4.0/../../../../avr/lib/avr5\libm.a(fp_split3.o)
 .data          0x00000000        0x0 c:/program files (x86)/atmel/studio/7.0/toolchain/avr8/avr8-gnu-toolchain/bin/../lib/gcc/avr/5.4.0/../../../../avr/lib/avr5\libm.a(fp_split3.o)
 .bss           0x00000000        0x0 c:/program files (x86)/atmel/studio/7.0/toolchain/avr8/avr8-gnu-toolchain/bin/../lib/gcc/avr/5.4.0/../../../../avr/lib/avr5\libm.a(fp_split3.o)
 .text.avr-libc.fplib
                0x00000000       0x44 c:/program files (x86)/atmel/studio/7.0/toolchain/avr8/avr8-gnu-toolchain/bin/../lib/gcc/avr/5.4.0/../../../../avr/lib/avr5\libm.a(fp_split3.o)
 .text          0x00000000        0x0 c:/program files (x86)/atmel/studio/7.0/toolchain/avr8/avr8-gnu-toolchain/bin/../lib/gcc/avr/5.4.0/../../../../avr/lib/avr5\libm.a(fp_zero.o)
 .data          0x00000000        0x0 c:/program files (x86)/atmel/studio/7.0/toolchain/avr8/avr8-gnu-toolchain/bin/../lib/gcc/avr/5.4.0/../../../../avr/lib/avr5\libm.a(fp_zero.o)
 .bss           0x00000000        0x0 c:/program files (x86)/atmel/studio/7.0/toolchain/avr8/avr8-gnu-toolchain/bin/../lib/gcc/avr/5.4.0/../../../../avr/lib/avr5\libm.a(fp_zero.o)
 .text.avr-libc.fplib
                0x00000000        0xe c:/program files (x86)/atmel/studio/7.0/toolchain/avr8/avr8-gnu-toolchain/bin/../lib/gcc/avr/5.4.0/../../../../avr/lib/avr5\libm.a(fp_zero.o)
 .text          0x00000000        0x0 c:/program files (x86)/atmel/studio/7.0/toolchain/avr8/avr8-gnu-toolchain/bin/../lib/gcc/avr/5.4.0/../../../../avr/lib/avr5\libm.a(gesf2.o)
 .data          0x00000000        0x0 c:/program files (x86)/atmel/studio/7.0/toolchain/avr8/avr8-gnu-toolchain/bin/../lib/gcc/avr/5.4.0/../../../../avr/lib/avr5\libm.a(gesf2.o)
 .bss           0x00000000        0x0 c:/program files (x86)/atmel/studio/7.0/toolchain/avr8/avr8-gnu-toolchain/bin/../lib/gcc/avr/5.4.0/../../../../avr/lib/avr5\libm.a(gesf2.o)
 .text.avr-libc.fplib
                0x00000000        0xa c:/program files (x86)/atmel/studio/7.0/toolchain/avr8/avr8-gnu-toolchain/bin/../lib/gcc/avr/5.4.0/../../../../avr/lib/avr5\libm.a(gesf2.o)
 .text          0x00000000        0x0 c:/program files (x86)/atmel/studio/7.0/toolchain/avr8/avr8-gnu-toolchain/bin/../lib/gcc/avr/5.4.0/../../../../avr/lib/avr5\libm.a(mulsf3.o)
 .data          0x00000000        0x0 c:/program files (x86)/atmel/studio/7.0/toolchain/avr8/avr8-gnu-toolchain/bin/../lib/gcc/avr/5.4.0/../../../../avr/lib/avr5\libm.a(mulsf3.o)
 .bss           0x00000000        0x0 c:/program files (x86)/atmel/studio/7.0/toolchain/avr8/avr8-gnu-toolchain/bin/../lib/gcc/avr/5.4.0/../../../../avr/lib/avr5\libm.a(mulsf3.o)
 .text.avr-libc.fplib
                0x00000000        0x8 c:/program files (x86)/atmel/studio/7.0/toolchain/avr8/avr8-gnu-toolchain/bin/../lib/gcc/avr/5.4.0/../../../../avr/lib/avr5\libm.a(mulsf3.o)
 .text          0x00000000        0x0 c:/program files (x86)/atmel/studio/7.0/toolchain/avr8/avr8-gnu-toolchain/bin/../lib/gcc/avr/5.4.0/../../../../avr/lib/avr5\libm.a(mulsf3x.o)
 .data          0x00000000        0x0 c:/program files (x86)/atmel/studio/7.0/toolchain/avr8/avr8-gnu-toolchain/bin/../lib/gcc/avr/5.4.0/../../../../avr/lib/avr5\libm.a(mulsf3x.o)
 .bss           0x00000000        0x0 c:/program files (x86)/atmel/studio/7.0/toolchain/avr8/avr8-gnu-toolchain/bin/../lib/gcc/avr/5.4.0/../../../../avr/lib/avr5\libm.a(mulsf3x.o)
 .text.avr-libc.fplib
                0x00000000       0xd2 c:/program files (x86)/atmel/studio/7.0/toolchain/avr8/avr8-gnu-toolchain/bin/../lib/gcc/avr/5.4.0/../../../../avr/lib/avr5\libm.a(mulsf3x.o)
 .text          0x00000000        0x0 c:/program files (x86)/atmel/studio/7.0/toolchain/avr8/avr8-gnu-toolchain/bin/../lib/gcc/avr/5.4.0/../../../../avr/lib/avr5\libm.a(fp_inf.o)
 .data          0x00000000        0x0 c:/program files (x86)/atmel/studio/7.0/toolchain/avr8/avr8-gnu-toolchain/bin/../lib/gcc/avr/5.4.0/../../../../avr/lib/avr5\libm.a(fp_inf.o)
 .bss           0x00000000        0x0 c:/program files (x86)/atmel/studio/7.0/toolchain/avr8/avr8-gnu-toolchain/bin/../lib/gcc/avr/5.4.0/../../../../avr/lib/avr5\libm.a(fp_inf.o)
 .text.avr-libc.fplib
                0x00000000        0xc c:/program files (x86)/atmel/studio/7.0/toolchain/avr8/avr8-gnu-toolchain/bin/../lib/gcc/avr/5.4.0/../../../../avr/lib/avr5\libm.a(fp_inf.o)
 .text          0x00000000        0x0 c:/program files (x86)/atmel/studio/7.0/toolchain/avr8/avr8-gnu-toolchain/bin/../lib/gcc/avr/5.4.0/../../../../avr/lib/avr5\libm.a(fp_nan.o)
 .data          0x00000000        0x0 c:/program files (x86)/atmel/studio/7.0/toolchain/avr8/avr8-gnu-toolchain/bin/../lib/gcc/avr/5.4.0/../../../../avr/lib/avr5\libm.a(fp_nan.o)
 .bss           0x00000000        0x0 c:/program files (x86)/atmel/studio/7.0/toolchain/avr8/avr8-gnu-toolchain/bin/../lib/gcc/avr/5.4.0/../../../../avr/lib/avr5\libm.a(fp_nan.o)
 .text.avr-libc.fplib
                0x00000000        0x6 c:/program files (x86)/atmel/studio/7.0/toolchain/avr8/avr8-gnu-toolchain/bin/../lib/gcc/avr/5.4.0/../../../../avr/lib/avr5\libm.a(fp_nan.o)
 .text          0x00000000        0x0 c:/program files (x86)/atmel/studio/7.0/toolchain/avr8/avr8-gnu-toolchain/bin/../lib/gcc/avr/5.4.0/../../../../avr/lib/avr5\libm.a(fp_pscA.o)
 .data          0x00000000        0x0 c:/program files (x86)/atmel/studio/7.0/toolchain/avr8/avr8-gnu-toolchain/bin/../lib/gcc/avr/5.4.0/../../../../avr/lib/avr5\libm.a(fp_pscA.o)
 .bss           0x00000000        0x0 c:/program files (x86)/atmel/studio/7.0/toolchain/avr8/avr8-gnu-toolchain/bin/../lib/gcc/avr/5.4.0/../../../../avr/lib/avr5\libm.a(fp_pscA.o)
 .text.avr-libc.fplib
                0x00000000        0xe c:/program files (x86)/atmel/studio/7.0/toolchain/avr8/avr8-gnu-toolchain/bin/../lib/gcc/avr/5.4.0/../../../../avr/lib/avr5\libm.a(fp_pscA.o)
 .text          0x00000000        0x0 c:/program files (x86)/atmel/studio/7.0/toolchain/avr8/avr8-gnu-toolchain/bin/../lib/gcc/avr/5.4.0/../../../../avr/lib/avr5\libm.a(fp_pscB.o)
 .data          0x00000000        0x0 c:/program files (x86)/atmel/studio/7.0/toolchain/avr8/avr8-gnu-toolchain/bin/../lib/gcc/avr/5.4.0/../../../../avr/lib/avr5\libm.a(fp_pscB.o)
 .bss           0x00000000        0x0 c:/program files (x86)/atmel/studio/7.0/toolchain/avr8/avr8-gnu-toolchain/bin/../lib/gcc/avr/5.4.0/../../../../avr/lib/avr5\libm.a(fp_pscB.o)
 .text.avr-libc.fplib
                0x00000000        0xe c:/program files (x86)/atmel/studio/7.0/toolchain/avr8/avr8-gnu-toolchain/bin/../lib/gcc/avr/5.4.0/../../../../avr/lib/avr5\libm.a(fp_pscB.o)
 .text          0x00000000        0x0 c:/program files (x86)/atmel/studio/7.0/toolchain/avr8/avr8-gnu-toolchain/bin/../lib/gcc/avr/5.4.0/../../../../avr/lib/avr5\libm.a(fp_round.o)
 .data          0x00000000        0x0 c:/program files (x86)/atmel/studio/7.0/toolchain/avr8/avr8-gnu-toolchain/bin/../lib/gcc/avr/5.4.0/../../../../avr/lib/avr5\libm.a(fp_round.o)
 .bss           0x00000000        0x0 c:/program files (x86)/atmel/studio/7.0/toolchain/avr8/avr8-gnu-toolchain/bin/../lib/gcc/avr/5.4.0/../../../../avr/lib/avr5\libm.a(fp_round.o)
 .text.avr-libc.fplib
                0x00000000       0x22 c:/program files (x86)/atmel/studio/7.0/toolchain/avr8/avr8-gnu-toolchain/bin/../lib/gcc/avr/5.4.0/../../../../avr/lib/avr5\libm.a(fp_round.o)
 .text          0x00000000        0x0 c:/program files (x86)/atmel/studio/7.0/toolchain/avr8/avr8-gnu-toolchain/bin/../lib/gcc/avr/5.4.0/avr5\libgcc.a(_udivmodhi4.o)
 .data          0x00000000        0x0 c:/program files (x86)/atmel/studio/7.0/toolchain/avr8/avr8-gnu-toolchain/bin/../lib/gcc/avr/5.4.0/avr5\libgcc.a(_udivmodhi4.o)
 .bss           0x00000000        0x0 c:/program files (x86)/atmel/studio/7.0/toolchain/avr8/avr8-gnu-toolchain/bin/../lib/gcc/avr/5.4.0/avr5\libgcc.a(_udivmodhi4.o)
 .text.libgcc.mul
                0x00000000        0x0 c:/program files (x86)/atmel/studio/7.0/toolchain/avr8/avr8-gnu-toolchain/bin/../lib/gcc/avr/5.4.0/avr5\libgcc.a(_udivmodhi4.o)
 .text.libgcc.div
                0x00000000       0x28 c:/program files (x86)/atmel/studio/7.0/toolchain/avr8/avr8-gnu-toolchain/bin/../lib/gcc/avr/5.4.0/avr5\libgcc.a(_udivmodhi4.o)
 .text.libgcc   0x00000000        0x0 c:/program files (x86)/atmel/studio/7.0/toolchain/avr8/avr8-gnu-toolchain/bin/../lib/gcc/avr/5.4.0/avr5\libgcc.a(_udivmodhi4.o)
 .text.libgcc.prologue
                0x00000000        0x0 c:/program files (x86)/atmel/studio/7.0/toolchain/avr8/avr8-gnu-toolchain/bin/../lib/gcc/avr/5.4.0/avr5\libgcc.a(_udivmodhi4.o)
 .text.libgcc.builtins
                0x00000000        0x0 c:/program files (x86)/atmel/studio/7.0/toolchain/avr8/avr8-gnu-toolchain/bin/../lib/gcc/avr/5.4.0/avr5\libgcc.a(_udivmodhi4.o)
 .text.libgcc.fmul
                0x00000000        0x0 c:/program files (x86)/atmel/studio/7.0/toolchain/avr8/avr8-gnu-toolchain/bin/../lib/gcc/avr/5.4.0/avr5\libgcc.a(_udivmodhi4.o)
 .text.libgcc.fixed
                0x00000000        0x0 c:/program files (x86)/atmel/studio/7.0/toolchain/avr8/avr8-gnu-toolchain/bin/../lib/gcc/avr/5.4.0/avr5\libgcc.a(_udivmodhi4.o)
 .text          0x00000000        0x0 c:/program files (x86)/atmel/studio/7.0/toolchain/avr8/avr8-gnu-toolchain/bin/../lib/gcc/avr/5.4.0/avr5\libgcc.a(_exit.o)
 .data          0x00000000        0x0 c:/program files (x86)/atmel/studio/7.0/toolchain/avr8/avr8-gnu-toolchain/bin/../lib/gcc/avr/5.4.0/avr5\libgcc.a(_exit.o)
 .bss           0x00000000        0x0 c:/program files (x86)/atmel/studio/7.0/toolchain/avr8/avr8-gnu-toolchain/bin/../lib/gcc/avr/5.4.0/avr5\libgcc.a(_exit.o)
 .text.libgcc.mul
                0x00000000        0x0 c:/program files (x86)/atmel/studio/7.0/toolchain/avr8/avr8-gnu-toolchain/bin/../lib/gcc/avr/5.4.0/avr5\libgcc.a(_exit.o)
 .text.libgcc.div
                0x00000000        0x0 c:/program files (x86)/atmel/studio/7.0/toolchain/avr8/avr8-gnu-toolchain/bin/../lib/gcc/avr/5.4.0/avr5\libgcc.a(_exit.o)
 .text.libgcc   0x00000000        0x0 c:/program files (x86)/atmel/studio/7.0/toolchain/avr8/avr8-gnu-toolchain/bin/../lib/gcc/avr/5.4.0/avr5\libgcc.a(_exit.o)
 .text.libgcc.prologue
                0x00000000        0x0 c:/program files (x86)/atmel/studio/7.0/toolchain/avr8/avr8-gnu-toolchain/bin/../lib/gcc/avr/5.4.0/avr5\libgcc.a(_exit.o)
 .text.libgcc.builtins
                0x00000000        0x0 c:/program files (x86)/atmel/studio/7.0/toolchain/avr8/avr8-gnu-toolchain/bin/../lib/gcc/avr/5.4.0/avr5\libgcc.a(_exit.o)
 .text.libgcc.fmul
                0x00000000        0x0 c:/program files (x86)/atmel/studio/7.0/toolchain/avr8/avr8-gnu-toolchain/bin/../lib/gcc/avr/5.4.0/avr5\libgcc.a(_exit.o)
 .text.libgcc.fixed
                0x00000000        0x0 c:/program files (x86)/atmel/studio/7.0/toolchain/avr8/avr8-gnu-toolchain/bin/../lib/gcc/avr/5.4.0/avr5\libgcc.a(_exit.o)
 .text          0x00000000        0x0 c:/program files (x86)/atmel/studio/7.0/toolchain/avr8/avr8-gnu-toolchain/bin/../lib/gcc/avr/5.4.0/avr5\libgcc.a(_copy_data.o)
 .data          0x00000000        0x0 c:/program files (x86)/atmel/studio/7.0/toolchain/avr8/avr8-gnu-toolchain/bin/../lib/gcc/avr/5.4.0/avr5\libgcc.a(_copy_data.o)
 .bss           0x00000000        0x0 c:/program files (x86)/atmel/studio/7.0/toolchain/avr8/avr8-gnu-toolchain/bin/../lib/gcc/avr/5.4.0/avr5\libgcc.a(_copy_data.o)
 .text.libgcc.mul
                0x00000000        0x0 c:/program files (x86)/atmel/studio/7.0/toolchain/avr8/avr8-gnu-toolchain/bin/../lib/gcc/avr/5.4.0/avr5\libgcc.a(_copy_data.o)
 .text.libgcc.div
                0x00000000        0x0 c:/program files (x86)/atmel/studio/7.0/toolchain/avr8/avr8-gnu-toolchain/bin/../lib/gcc/avr/5.4.0/avr5\libgcc.a(_copy_data.o)
 .text.libgcc   0x00000000        0x0 c:/program files (x86)/atmel/studio/7.0/toolchain/avr8/avr8-gnu-toolchain/bin/../lib/gcc/avr/5.4.0/avr5\libgcc.a(_copy_data.o)
 .text.libgcc.prologue
                0x00000000        0x0 c:/program files (x86)/atmel/studio/7.0/toolchain/avr8/avr8-gnu-toolchain/bin/../lib/gcc/avr/5.4.0/avr5\libgcc.a(_copy_data.o)
 .text.libgcc.builtins
                0x00000000        0x0 c:/program files (x86)/atmel/studio/7.0/toolchain/avr8/avr8-gnu-toolchain/bin/../lib/gcc/avr/5.4.0/avr5\libgcc.a(_copy_data.o)
 .text.libgcc.fmul
                0x00000000        0x0 c:/program files (x86)/atmel/studio/7.0/toolchain/avr8/avr8-gnu-toolchain/bin/../lib/gcc/avr/5.4.0/avr5\libgcc.a(_copy_data.o)
 .text.libgcc.fixed
                0x00000000        0x0 c:/program files (x86)/atmel/studio/7.0/toolchain/avr8/avr8-gnu-toolchain/bin/../lib/gcc/avr/5.4.0/avr5\libgcc.a(_copy_data.o)
 .text          0x00000000        0x0 c:/program files (x86)/atmel/studio/7.0/toolchain/avr8/avr8-gnu-toolchain/bin/../lib/gcc/avr/5.4.0/avr5\libgcc.a(_clear_bss.o)
 .data          0x00000000        0x0 c:/program files (x86)/atmel/studio/7.0/toolchain/avr8/avr8-gnu-toolchain/bin/../lib/gcc/avr/5.4.0/avr5\libgcc.a(_clear_bss.o)
 .bss           0x00000000        0x0 c:/program files (x86)/atmel/studio/7.0/toolchain/avr8/avr8-gnu-toolchain/bin/../lib/gcc/avr/5.4.0/avr5\libgcc.a(_clear_bss.o)
 .text.libgcc.mul
                0x00000000        0x0 c:/program files (x86)/atmel/studio/7.0/toolchain/avr8/avr8-gnu-toolchain/bin/../lib/gcc/avr/5.4.0/avr5\libgcc.a(_clear_bss.o)
 .text.libgcc.div
                0x00000000        0x0 c:/program files (x86)/atmel/studio/7.0/toolchain/avr8/avr8-gnu-toolchain/bin/../lib/gcc/avr/5.4.0/avr5\libgcc.a(_clear_bss.o)
 .text.libgcc   0x00000000        0x0 c:/program files (x86)/atmel/studio/7.0/toolchain/avr8/avr8-gnu-toolchain/bin/../lib/gcc/avr/5.4.0/avr5\libgcc.a(_clear_bss.o)
 .text.libgcc.prologue
                0x00000000        0x0 c:/program files (x86)/atmel/studio/7.0/toolchain/avr8/avr8-gnu-toolchain/bin/../lib/gcc/avr/5.4.0/avr5\libgcc.a(_clear_bss.o)
 .text.libgcc.builtins
                0x00000000        0x0 c:/program files (x86)/atmel/studio/7.0/toolchain/avr8/avr8-gnu-toolchain/bin/../lib/gcc/avr/5.4.0/avr5\libgcc.a(_clear_bss.o)
 .text.libgcc.fmul
                0x00000000        0x0 c:/program files (x86)/atmel/studio/7.0/toolchain/avr8/avr8-gnu-toolchain/bin/../lib/gcc/avr/5.4.0/avr5\libgcc.a(_clear_bss.o)
 .text.libgcc.fixed
                0x00000000        0x0 c:/program files (x86)/atmel/studio/7.0/toolchain/avr8/avr8-gnu-toolchain/bin/../lib/gcc/avr/5.4.0/avr5\libgcc.a(_clear_bss.o)

Memory Configuration

Name             Origin             Length             Attributes
text             0x00000000         0x00020000         xr
data             0x00800060         0x0000ffa0         rw !x
eeprom           0x00810000         0x00010000         rw !x
fuse             0x00820000         0x00000002         rw !x
lock             0x00830000         0x00000400         rw !x
signature        0x00840000         0x00000400         rw !x
user_signatures  0x00850000         0x00000400         rw !x
*default*        0x00000000         0xffffffff

Linker script and memory map

LOAD C:/Program Files (x86)/Atmel/Studio/7.0/Packs/atmel/ATmega_DFP/1.2.209/gcc/dev/atmega32/avr5/crtatmega32.o
LOAD APP/Questions/emoji.o
LOAD APP/Questions/questions.o
LOAD APP/Traffic_light_int/Traffic_light_int.o
LOAD APP/TTC Schedular/TTC_Sources/Tasks.o
LOAD APP/TTC Schedular/TTC_Sources/TTC_Schedular.o
LOAD DIO.o
LOAD HAL/sources/DC_Motor.o
LOAD HAL/sources/keypad.o
LOAD HAL/sources/LCD.o
LOAD HAL/sources/seven_seg.o
LOAD ICU.o
LOAD main.o
LOAD MCAL/Sources/PWM.o
LOAD software_delay.o
LOAD Timers.o
START GROUP
LOAD c:/program files (x86)/atmel/studio/7.0/toolchain/avr8/avr8-gnu-toolchain/bin/../lib/gcc/avr/5.4.0/../../../../avr/lib/avr5\libm.a
END GROUP
START GROUP
LOAD c:/program files (x86)/atmel/studio/7.0/toolchain/avr8/avr8-gnu-toolchain/bin/../lib/gcc/avr/5.4.0/avr5\libgcc.a
LOAD c:/program files (x86)/atmel/studio/7.0/toolchain/avr8/avr8-gnu-toolchain/bin/../lib/gcc/avr/5.4.0/../../../../avr/lib/avr5\libm.a
LOAD c:/program files (x86)/atmel/studio/7.0/toolchain/avr8/avr8-gnu-toolchain/bin/../lib/gcc/avr/5.4.0/../../../../avr/lib/avr5\libc.a
LOAD C:/Program Files (x86)/Atmel/Studio/7.0/Packs/atmel/ATmega_DFP/1.2.209/gcc/dev/atmega32/avr5\libatmega32.a
END GROUP
                0x00020000                __TEXT_REGION_LENGTH__ = DEFINED (__TEXT_REGION_LENGTH__)?__TEXT_REGION_LENGTH__:0x20000
                0x0000ffa0                __DATA_REGION_LENGTH__ = DEFINED (__DATA_REGION_LENGTH__)?__DATA_REGION_LENGTH__:0xffa0
                0x00010000                __EEPROM_REGION_LENGTH__ = DEFINED (__EEPROM_REGION_LENGTH__)?__EEPROM_REGION_LENGTH__:0x10000
                [0x00000002]                __FUSE_REGION_LENGTH__ = DEFINED (__FUSE_REGION_LENGTH__)?__FUSE_REGION_LENGTH__:0x400
                0x00000400                __LOCK_REGION_LENGTH__ = DEFINED (__LOCK_REGION_LENGTH__)?__LOCK_REGION_LENGTH__:0x400
                0x00000400                __SIGNATURE_REGION_LENGTH__ = DEFINED (__SIGNATURE_REGION_LENGTH__)?__SIGNATURE_REGION_LENGTH__:0x400
                0x00000400                __USER_SIGNATURE_REGION_LENGTH__ = DEFINED (__USER_SIGNATURE_REGION_LENGTH__)?__USER_SIGNATURE_REGION_LENGTH__:0x400

.hash
 *(.hash)

.dynsym
 *(.dynsym)

.dynstr
 *(.dynstr)

.gnu.version
 *(.gnu.version)

.gnu.version_d
 *(.gnu.version_d)

.gnu.version_r
 *(.gnu.version_r)

.rel.init
 *(.rel.init)

.rela.init
 *(.rela.init)

.rel.text
 *(.rel.text)
 *(.rel.text.*)
 *(.rel.gnu.linkonce.t*)

.rela.text
 *(.rela.text)
 *(.rela.text.*)
 *(.rela.gnu.linkonce.t*)

.rel.fini
 *(.rel.fini)

.rela.fini
 *(.rela.fini)

.rel.rodata
 *(.rel.rodata)
 *(.rel.rodata.*)
 *(.rel.gnu.linkonce.r*)

.rela.rodata
 *(.rela.rodata)
 *(.rela.rodata.*)
 *(.rela.gnu.linkonce.r*)

.rel.data
 *(.rel.data)
 *(.rel.data.*)
 *(.rel.gnu.linkonce.d*)

.rela.data
 *(.rela.data)
 *(.rela.data.*)
 *(.rela.gnu.linkonce.d*)

.rel.ctors
 *(.rel.ctors)

.rela.ctors
 *(.rela.ctors)

.rel.dtors
 *(.rel.dtors)

.rela.dtors
 *(.rela.dtors)

.rel.got
 *(.rel.got)

.rela.got
 *(.rela.got)

.rel.bss
 *(.rel.bss)

.rela.bss
 *(.rela.bss)

.rel.plt
 *(.rel.plt)

.rela.plt
 *(.rela.plt)

.text           0x00000000      0x5de
 *(.vectors)
 .vectors       0x00000000       0x54 C:/Program Files (x86)/Atmel/Studio/7.0/Packs/atmel/ATmega_DFP/1.2.209/gcc/dev/atmega32/avr5/crtatmega32.o
                0x00000000                __vector_default
                0x00000000                __vectors
 *(.vectors)
 *(.progmem.gcc*)
                0x00000054                . = ALIGN (0x2)
                0x00000054                __trampolines_start = .
 *(.trampolines)
 .trampolines   0x00000054        0x0 linker stubs
 *(.trampolines*)
                0x00000054                __trampolines_end = .
 *libprintf_flt.a:*(.progmem.data)
 *libc.a:*(.progmem.data)
 *(.progmem*)
                0x00000054                . = ALIGN (0x2)
 *(.jumptables)
 *(.jumptables*)
 *(.lowtext)
 *(.lowtext*)
                0x00000054                __ctors_start = .
 *(.ctors)
                0x00000054                __ctors_end = .
                0x00000054                __dtors_start = .
 *(.dtors)
                0x00000054                __dtors_end = .
 SORT(*)(.ctors)
 SORT(*)(.dtors)
 *(.init0)
 .init0         0x00000054        0x0 C:/Program Files (x86)/Atmel/Studio/7.0/Packs/atmel/ATmega_DFP/1.2.209/gcc/dev/atmega32/avr5/crtatmega32.o
                0x00000054                __init
 *(.init0)
 *(.init1)
 *(.init1)
 *(.init2)
 .init2         0x00000054        0xc C:/Program Files (x86)/Atmel/Studio/7.0/Packs/atmel/ATmega_DFP/1.2.209/gcc/dev/atmega32/avr5/crtatmega32.o
 *(.init2)
 *(.init3)
 *(.init3)
 *(.init4)
 .init4         0x00000060       0x16 c:/program files (x86)/atmel/studio/7.0/toolchain/avr8/avr8-gnu-toolchain/bin/../lib/gcc/avr/5.4.0/avr5\libgcc.a(_copy_data.o)
                0x00000060                __do_copy_data
 .init4         0x00000076       0x10 c:/program files (x86)/atmel/studio/7.0/toolchain/avr8/avr8-gnu-toolchain/bin/../lib/gcc/avr/5.4.0/avr5\libgcc.a(_clear_bss.o)
                0x00000076                __do_clear_bss
 *(.init4)
 *(.init5)
 *(.init5)
 *(.init6)
 *(.init6)
 *(.init7)
 *(.init7)
 *(.init8)
 *(.init8)
 *(.init9)
 .init9         0x00000086        0x8 C:/Program Files (x86)/Atmel/Studio/7.0/Packs/atmel/ATmega_DFP/1.2.209/gcc/dev/atmega32/avr5/crtatmega32.o
 *(.init9)
 *(.text)
 .text          0x0000008e        0x4 C:/Program Files (x86)/Atmel/Studio/7.0/Packs/atmel/ATmega_DFP/1.2.209/gcc/dev/atmega32/avr5/crtatmega32.o
                0x0000008e                __vector_1
                0x0000008e                __vector_12
                0x0000008e                __bad_interrupt
                0x0000008e                __vector_6
                0x0000008e                __vector_3
                0x0000008e                __vector_13
                0x0000008e                __vector_17
                0x0000008e                __vector_19
                0x0000008e                __vector_7
                0x0000008e                __vector_5
                0x0000008e                __vector_4
                0x0000008e                __vector_9
                0x0000008e                __vector_2
                0x0000008e                __vector_15
                0x0000008e                __vector_8
                0x0000008e                __vector_14
                0x0000008e                __vector_16
                0x0000008e                __vector_18
                0x0000008e                __vector_20
                0x00000092                . = ALIGN (0x2)
 *(.text.*)
 .text.__vector_11
                0x00000092       0x26 APP/Traffic_light_int/Traffic_light_int.o
                0x00000092                __vector_11
 .text.Tasks_init
                0x000000b8       0x30 APP/TTC Schedular/TTC_Sources/Tasks.o
                0x000000b8                Tasks_init
 .text.Task_BLINK_LED1
                0x000000e8       0x2c APP/TTC Schedular/TTC_Sources/Tasks.o
                0x000000e8                Task_BLINK_LED1
 .text.Task_BLINK_LED2
                0x00000114       0x2c APP/TTC Schedular/TTC_Sources/Tasks.o
                0x00000114                Task_BLINK_LED2
 .text.Task_BLINK_LED3
                0x00000140       0x2c APP/TTC Schedular/TTC_Sources/Tasks.o
                0x00000140                Task_BLINK_LED3
 .text.Schedular_Add_Task
                0x0000016c       0x70 APP/TTC Schedular/TTC_Sources/TTC_Schedular.o
                0x0000016c                Schedular_Add_Task
 .text.Schedular_run_tasks
                0x000001dc       0x56 APP/TTC Schedular/TTC_Sources/TTC_Schedular.o
                0x000001dc                Schedular_run_tasks
 .text.DIO_SetPinDirection
                0x00000232      0x20a DIO.o
                0x00000232                DIO_SetPinDirection
 .text.main     0x0000043c       0x2c main.o
                0x0000043c                main
 .text.__vector_10
                0x00000468       0x62 Timers.o
                0x00000468                __vector_10
 .text.Set_Call_Back_Flag
                0x000004ca       0x16 Timers.o
                0x000004ca                Set_Call_Back_Flag
 .text.Set_Call_Back
                0x000004e0       0x14 Timers.o
                0x000004e0                Set_Call_Back
 .text.TIMER0_PRE_COMPILE_CONFIGURATIONS
                0x000004f4       0x46 Timers.o
                0x000004f4                TIMER0_PRE_COMPILE_CONFIGURATIONS
 .text.TIMER0_OCR_init
                0x0000053a       0xa0 Timers.o
                0x0000053a                TIMER0_OCR_init
                0x000005da                . = ALIGN (0x2)
 *(.fini9)
 .fini9         0x000005da        0x0 c:/program files (x86)/atmel/studio/7.0/toolchain/avr8/avr8-gnu-toolchain/bin/../lib/gcc/avr/5.4.0/avr5\libgcc.a(_exit.o)
                0x000005da                _exit
                0x000005da                exit
 *(.fini9)
 *(.fini8)
 *(.fini8)
 *(.fini7)
 *(.fini7)
 *(.fini6)
 *(.fini6)
 *(.fini5)
 *(.fini5)
 *(.fini4)
 *(.fini4)
 *(.fini3)
 *(.fini3)
 *(.fini2)
 *(.fini2)
 *(.fini1)
 *(.fini1)
 *(.fini0)
 .fini0         0x000005da        0x4 c:/program files (x86)/atmel/studio/7.0/toolchain/avr8/avr8-gnu-toolchain/bin/../lib/gcc/avr/5.4.0/avr5\libgcc.a(_exit.o)
 *(.fini0)
                0x000005de                _etext = .

.data           0x00800060        0x2 load address 0x000005de
                0x00800060                PROVIDE (__data_start, .)
 *(.data)
 *(.data*)
 .data.Call_Back_Notification
                0x00800060        0x2 Timers.o
                0x00800060                Call_Back_Notification
 *(.gnu.linkonce.d*)
 *(.rodata)
 *(.rodata*)
 *(.gnu.linkonce.r*)
                0x00800062                . = ALIGN (0x2)
                0x00800062                _edata = .
                0x00800062                PROVIDE (__data_end, .)

.bss            0x00800062        0x9
                0x00800062                PROVIDE (__bss_start, .)
 *(.bss)
 *(.bss*)
 .bss.Ready_Tasks_PTR_Array
                0x00800062        0x4 APP/TTC Schedular/TTC_Sources/TTC_Schedular.o
 .bss.Local_u16_ready_tasks_array_counter.1767
                0x00800066        0x2 APP/TTC Schedular/TTC_Sources/TTC_Schedular.o
 .bss.Local_u16_ready_tasks_array_index.1770
                0x00800068        0x2 APP/TTC Schedular/TTC_Sources/TTC_Schedular.o
 *(COMMON)
 COMMON         0x0080006a        0x1 APP/TTC Schedular/TTC_Sources/TTC_Schedular.o
                0x0080006a                Call_Back_Flag
                0x0080006b                PROVIDE (__bss_end, .)
                0x000005de                __data_load_start = LOADADDR (.data)
                0x000005e0                __data_load_end = (__data_load_start + SIZEOF (.data))

.noinit         0x0080006b        0x0
                [!provide]                PROVIDE (__noinit_start, .)
 *(.noinit*)
                [!provide]                PROVIDE (__noinit_end, .)
                0x0080006b                _end = .
                [!provide]                PROVIDE (__heap_start, .)

.eeprom         0x00810000        0x0
 *(.eeprom*)
                0x00810000                __eeprom_end = .

.fuse
 *(.fuse)
 *(.lfuse)
 *(.hfuse)
 *(.efuse)

.lock
 *(.lock*)

.signature
 *(.signature*)

.user_signatures
 *(.user_signatures*)

.stab
 *(.stab)

.stabstr
 *(.stabstr)

.stab.excl
 *(.stab.excl)

.stab.exclstr
 *(.stab.exclstr)

.stab.index
 *(.stab.index)

.stab.indexstr
 *(.stab.indexstr)

.comment        0x00000000       0x30
 *(.comment)
 .comment       0x00000000       0x30 APP/Traffic_light_int/Traffic_light_int.o
                                 0x31 (size before relaxing)
 .comment       0x00000030       0x31 APP/TTC Schedular/TTC_Sources/Tasks.o
 .comment       0x00000030       0x31 APP/TTC Schedular/TTC_Sources/TTC_Schedular.o
 .comment       0x00000030       0x31 DIO.o
 .comment       0x00000030       0x31 main.o
 .comment       0x00000030       0x31 Timers.o

.note.gnu.avr.deviceinfo
                0x00000000       0x3c
 .note.gnu.avr.deviceinfo
                0x00000000       0x3c C:/Program Files (x86)/Atmel/Studio/7.0/Packs/atmel/ATmega_DFP/1.2.209/gcc/dev/atmega32/avr5/crtatmega32.o

.note.gnu.build-id
 *(.note.gnu.build-id)

.debug
 *(.debug)

.line
 *(.line)

.debug_srcinfo
 *(.debug_srcinfo)

.debug_sfnames
 *(.debug_sfnames)

.debug_aranges  0x00000000      0x170
 *(.debug_aranges)
 .debug_aranges
                0x00000000       0x38 APP/Traffic_light_int/Traffic_light_int.o
 .debug_aranges
                0x00000038       0x38 APP/TTC Schedular/TTC_Sources/Tasks.o
 .debug_aranges
                0x00000070       0x40 APP/TTC Schedular/TTC_Sources/TTC_Schedular.o
 .debug_aranges
                0x000000b0       0x30 DIO.o
 .debug_aranges
                0x000000e0       0x20 main.o
 .debug_aranges
                0x00000100       0x70 Timers.o

.debug_pubnames
 *(.debug_pubnames)

.debug_info     0x00000000      0xd74
 *(.debug_info .gnu.linkonce.wi.*)
 .debug_info    0x00000000      0x4e6 C:/Program Files (x86)/Atmel/Studio/7.0/Packs/atmel/ATmega_DFP/1.2.209/gcc/dev/atmega32/avr5/crtatmega32.o
 .debug_info    0x000004e6      0x118 APP/Traffic_light_int/Traffic_light_int.o
 .debug_info    0x000005fe       0xee APP/TTC Schedular/TTC_Sources/Tasks.o
 .debug_info    0x000006ec      0x19a APP/TTC Schedular/TTC_Sources/TTC_Schedular.o
 .debug_info    0x00000886      0x112 DIO.o
 .debug_info    0x00000998      0x19f main.o
 .debug_info    0x00000b37      0x23d Timers.o

.debug_abbrev   0x00000000      0x8f0
 *(.debug_abbrev)
 .debug_abbrev  0x00000000      0x4a3 C:/Program Files (x86)/Atmel/Studio/7.0/Packs/atmel/ATmega_DFP/1.2.209/gcc/dev/atmega32/avr5/crtatmega32.o
 .debug_abbrev  0x000004a3       0x93 APP/Traffic_light_int/Traffic_light_int.o
 .debug_abbrev  0x00000536       0x95 APP/TTC Schedular/TTC_Sources/Tasks.o
 .debug_abbrev  0x000005cb       0xf5 APP/TTC Schedular/TTC_Sources/TTC_Schedular.o
 .debug_abbrev  0x000006c0       0x80 DIO.o
 .debug_abbrev  0x00000740       0x9c main.o
 .debug_abbrev  0x000007dc      0x114 Timers.o

.debug_line     0x00000000      0xc09
 *(.debug_line .debug_line.* .debug_line_end)
 .debug_line    0x00000000      0x115 C:/Program Files (x86)/Atmel/Studio/7.0/Packs/atmel/ATmega_DFP/1.2.209/gcc/dev/atmega32/avr5/crtatmega32.o
 .debug_line    0x00000115      0x1a7 APP/Traffic_light_int/Traffic_light_int.o
 .debug_line    0x000002bc      0x15a APP/TTC Schedular/TTC_Sources/Tasks.o
 .debug_line    0x00000416      0x1e2 APP/TTC Schedular/TTC_Sources/TTC_Schedular.o
 .debug_line    0x000005f8      0x280 DIO.o
 .debug_line    0x00000878      0x117 main.o
 .debug_line    0x0000098f      0x27a Timers.o

.debug_frame    0x00000000      0x444
 *(.debug_frame)
 .debug_frame   0x00000000       0x9c APP/Traffic_light_int/Traffic_light_int.o
 .debug_frame   0x0000009c       0x94 APP/TTC Schedular/TTC_Sources/Tasks.o
 .debug_frame   0x00000130       0xb4 APP/TTC Schedular/TTC_Sources/TTC_Schedular.o
 .debug_frame   0x000001e4       0x74 DIO.o
 .debug_frame   0x00000258       0x34 main.o
 .debug_frame   0x0000028c      0x1b8 Timers.o

.debug_str      0x00000000      0x738
 *(.debug_str)
 .debug_str     0x00000000      0x196 C:/Program Files (x86)/Atmel/Studio/7.0/Packs/atmel/ATmega_DFP/1.2.209/gcc/dev/atmega32/avr5/crtatmega32.o
 .debug_str     0x00000196      0x228 APP/Traffic_light_int/Traffic_light_int.o
                                0x25c (size before relaxing)
 .debug_str     0x000003be       0x74 APP/TTC Schedular/TTC_Sources/Tasks.o
                                0x209 (size before relaxing)
 .debug_str     0x00000432      0x131 APP/TTC Schedular/TTC_Sources/TTC_Schedular.o
                                0x2da (size before relaxing)
 .debug_str     0x00000563       0x51 DIO.o
                                0x1e4 (size before relaxing)
 .debug_str     0x000005b4       0x75 main.o
                                0x28e (size before relaxing)
 .debug_str     0x00000629      0x10f Timers.o
                                0x2df (size before relaxing)

.debug_loc      0x00000000      0x7c6
 *(.debug_loc)
 .debug_loc     0x00000000      0x106 APP/Traffic_light_int/Traffic_light_int.o
 .debug_loc     0x00000106       0xec APP/TTC Schedular/TTC_Sources/Tasks.o
 .debug_loc     0x000001f2      0x141 APP/TTC Schedular/TTC_Sources/TTC_Schedular.o
 .debug_loc     0x00000333       0xd8 DIO.o
 .debug_loc     0x0000040b       0x3b main.o
 .debug_loc     0x00000446      0x380 Timers.o

.debug_macinfo
 *(.debug_macinfo)

.debug_weaknames
 *(.debug_weaknames)

.debug_funcnames
 *(.debug_funcnames)

.debug_typenames
 *(.debug_typenames)

.debug_varnames
 *(.debug_varnames)

.debug_pubtypes
 *(.debug_pubtypes)

.debug_ranges   0x00000000      0x110
 *(.debug_ranges)
 .debug_ranges  0x00000000       0x28 APP/Traffic_light_int/Traffic_light_int.o
 .debug_ranges  0x00000028       0x28 APP/TTC Schedular/TTC_Sources/Tasks.o
 .debug_ranges  0x00000050       0x30 APP/TTC Schedular/TTC_Sources/TTC_Schedular.o
 .debug_ranges  0x00000080       0x20 DIO.o
 .debug_ranges  0x000000a0       0x10 main.o
 .debug_ranges  0x000000b0       0x60 Timers.o

.debug_macro
 *(.debug_macro)
OUTPUT(DIO.elf elf32-avr)
LOAD linker stubs
