******************************************************************************
                  TI ARM Linker PC v18.1.1                     
******************************************************************************
>> Linked Sat Apr 13 17:27:13 2019

OUTPUT FILE NAME:   <CAN_Project.out>
ENTRY POINT SYMBOL: "_c_int00_noargs"  address: 00003899


MEMORY CONFIGURATION

         name            origin    length      used     unused   attr    fill
----------------------  --------  ---------  --------  --------  ----  --------
  FLASH                 00000000   00040000  00003c5c  0003c3a4  R  X
  SRAM                  20000000   00008000  0000796d  00000693  RW X


SEGMENT ALLOCATION MAP

run origin  load origin   length   init length attrs members
----------  ----------- ---------- ----------- ----- -------
00000000    00000000    00003c60   00003c60    r-x
  00000000    00000000    0000026c   0000026c    r-- .intvecs
  0000026c    0000026c    000037f8   000037f8    r-x .text
  00003a64    00003a64    000001c0   000001c0    r-- .const
  00003c28    00003c28    00000038   00000038    r-- .cinit
20000000    20000000    00007974   00000000    rw-
  20000000    20000000    00007719   00000000    rw- .bss
  20007720    20007720    00000200   00000000    rw- .stack
  20007920    20007920    00000054   00000000    rw- .data


SECTION ALLOCATION MAP

 output                                  attributes/
section   page    origin      length       input sections
--------  ----  ----------  ----------   ----------------
.intvecs   0    00000000    0000026c     
                  00000000    0000026c     tm4c123gh6pm_startup_ccs.obj (.intvecs)

.text      0    0000026c    000037f8     
                  0000026c    0000180c     tasks.obj (.text)
                  00001a78    000004dc     uartstdio.obj (.text)
                  00001f54    000003c8     event_groups.obj (.text)
                  0000231c    000002ec     CAN_APP.obj (.text)
                  00002608    000001bc     main.obj (.text)
                  000027c4    0000015c     CAN.obj (.text)
                  00002920    0000013c     port.obj (.text)
                  00002a5c    00000136     driverlib.lib : can.obj (.text:CANMessageSet)
                  00002b92    00000132                   : gpio.obj (.text:GPIOPadConfigSet)
                  00002cc4    0000012a     list.obj (.text)
                  00002dee    00000002     rtsv7M4_T_le_v4SPD16_eabi.lib : div0.asm.obj (.text)
                  00002df0    00000128     CAN_TASKS.obj (.text)
                  00002f18    00000110     driverlib.lib : sysctl.obj (.text:SysCtlClockGet)
                  00003028    0000010e                   : can.obj (.text:CANMessageGet)
                  00003136    00000002     --HOLE-- [fill = 0]
                  00003138    000000f4                   : sysctl.obj (.text:SysCtlClockSet)
                  0000322c    000000e0     Push_Button.obj (.text)
                  0000330c    000000da     portasm.obj (.text)
                  000033e6    00000002     --HOLE-- [fill = 0]
                  000033e8    0000009c     heap_1.obj (.text)
                  00003484    0000009c     rtsv7M4_T_le_v4SPD16_eabi.lib : memcpy_t2.asm.obj (.text)
                  00003520    0000007a                                   : memset_t2.asm.obj (.text)
                  0000359a    00000002     --HOLE-- [fill = 0]
                  0000359c    0000006c     driverlib.lib : can.obj (.text:CANBitRateSet)
                  00003608    00000068                   : interrupt.obj (.text:IntEnable)
                  00003670    00000068     rtsv7M4_T_le_v4SPD16_eabi.lib : copy_decompress_lzss.c.obj (.text:decompress:lzss:__TI_decompress_lzss)
                  000036d8    00000048     driverlib.lib : gpio.obj (.text:GPIOPinConfigure)
                  00003720    00000044     rtsv7M4_T_le_v4SPD16_eabi.lib : autoinit.c.obj (.text:__TI_auto_init_nobinit_nopinit:__TI_auto_init_nobinit_nopinit)
                  00003764    00000042     LED.obj (.text)
                  000037a6    00000040     driverlib.lib : can.obj (.text:CANStatusGet)
                  000037e6    00000040     rtsv7M4_T_le_v4SPD16_eabi.lib : u_divt2.asm.obj (.text)
                  00003826    0000003a     driverlib.lib : can.obj (.text:CANInit)
                  00003860    00000038                   : sysctl.obj (.text:SysCtlPeripheralReady)
                  00003898    00000038     rtsv7M4_T_le_v4SPD16_eabi.lib : boot_cortex_m.c.obj (.text:_c_int00_noargs:_c_int00_noargs)
                  000038d0    00000034     driverlib.lib : sysctl.obj (.text:SysCtlPeripheralEnable)
                  00003904    0000002a                   : gpio.obj (.text:GPIODirModeSet)
                  0000392e    0000002a                   : can.obj (.text:_CANDataRegRead)
                  00003958    00000024                   : can.obj (.text:_CANDataRegWrite)
                  0000397c    00000022                   : can.obj (.text:CANIntClear)
                  0000399e    00000020                   : can.obj (.text:CANIntStatus)
                  000039be    00000018                   : gpio.obj (.text:GPIOPinTypeGPIOOutput)
                  000039d6    00000012                   : gpio.obj (.text:GPIOPinTypeCAN)
                  000039e8    00000012                   : gpio.obj (.text:GPIOPinTypeGPIOInput)
                  000039fa    00000012                   : gpio.obj (.text:GPIOPinTypeUART)
                  00003a0c    0000000e     rtsv7M4_T_le_v4SPD16_eabi.lib : copy_decompress_none.c.obj (.text:decompress:none:__TI_decompress_none)
                  00003a1a    0000000c                                   : copy_zero_init.c.obj (.text:decompress:ZI:__TI_zero_init)
                  00003a26    0000000c     tm4c123gh6pm_startup_ccs.obj (.text)
                  00003a32    0000000a     driverlib.lib : can.obj (.text:CANEnable)
                  00003a3c    00000008                   : can.obj (.text:CANIntEnable)
                  00003a44    00000006                   : gpio.obj (.text:GPIOPinRead)
                  00003a4a    00000006                   : gpio.obj (.text:GPIOPinWrite)
                  00003a50    00000006                   : sysctl.obj (.text:SysCtlDelay)
                  00003a56    00000006                   : uart.obj (.text:UARTClockSourceSet)
                  00003a5c    00000004     rtsv7M4_T_le_v4SPD16_eabi.lib : pre_init.c.obj (.text:_system_pre_init)
                  00003a60    00000004                                   : exit.c.obj (.text:abort:abort)

.const     0    00003a64    000001c0     
                  00003a64    00000090     driverlib.lib : gpio.obj (.const:g_pui32GPIOBaseAddrs)
                  00003af4    00000070                   : interrupt.obj (.const)
                  00003b64    0000006c                   : sysctl.obj (.const:g_pui32Xtals)
                  00003bd0    00000020                   : can.obj (.const)
                  00003bf0    00000012     uartstdio.obj (.const:.string)
                  00003c02    00000002     --HOLE-- [fill = 0]
                  00003c04    0000000c     uartstdio.obj (.const:g_ui32UARTBase)
                  00003c10    0000000c     uartstdio.obj (.const:g_ui32UARTPeriph)
                  00003c1c    00000004     port.obj (.const)
                  00003c20    00000004     uartstdio.obj (.const)

.cinit     0    00003c28    00000038     
                  00003c28    00000010     (.cinit..data.load) [load image, compression = lzss]
                  00003c38    0000000c     (__TI_handler_table)
                  00003c44    00000004     --HOLE-- [fill = 0]
                  00003c48    00000008     (.cinit..bss.load) [load image, compression = zero_init]
                  00003c50    00000010     (__TI_cinit_table)

.init_array 
*          0    00000000    00000000     UNINITIALIZED

.bss       0    20000000    00007719     UNINITIALIZED
                  20000000    00007530     heap_1.obj (.bss:ucHeap)
                  20007530    00000140     tasks.obj (.bss:pxReadyTasksLists)
                  20007670    00000014     tasks.obj (.bss:xDelayedTaskList1)
                  20007684    00000014     tasks.obj (.bss:xDelayedTaskList2)
                  20007698    00000014     tasks.obj (.bss:xPendingReadyList)
                  200076ac    00000014     tasks.obj (.bss:xSuspendedTaskList)
                  200076c0    00000014     tasks.obj (.bss:xTasksWaitingTermination)
                  200076d4    00000014     (.common:sMsgObjectRx)
                  200076e8    00000014     (.common:sMsgObjectTx)
                  200076fc    00000008     tasks.obj (.bss)
                  20007704    00000008     (.common:can_messages_rx_arr)
                  2000770c    00000008     (.common:can_messages_tx_arr)
                  20007714    00000004     (.common:led_event_gp)
                  20007718    00000001     (.common:Action_Switch_State)

.data      0    20007920    00000054     UNINITIALIZED
                  20007920    00000034     tasks.obj (.data)
                  20007954    00000009     main.obj (.data)
                  2000795d    00000003     CAN_TASKS.obj (.data)
                  20007960    00000008     heap_1.obj (.data)
                  20007968    00000005     uartstdio.obj (.data)
                  2000796d    00000001     CAN_APP.obj (.data)
                  2000796e    00000002     --HOLE--
                  20007970    00000004     port.obj (.data)

.stack     0    20007720    00000200     UNINITIALIZED
                  20007720    00000004     rtsv7M4_T_le_v4SPD16_eabi.lib : boot_cortex_m.c.obj (.stack)
                  20007724    000001fc     --HOLE--

MODULE SUMMARY

       Module                         code    ro data   rw data
       ------                         ----    -------   -------
    .\
       uartstdio.obj                  1244    46        5      
       tm4c123gh6pm_startup_ccs.obj   12      620       0      
       main.obj                       444     0         69     
    +--+------------------------------+-------+---------+---------+
       Total:                         1700    666       74     
                                                               
    .\APP\Sources\
       CAN_APP.obj                    748     0         1      
    +--+------------------------------+-------+---------+---------+
       Total:                         748     0         1      
                                                               
    .\HAL\Sources\
       Push_Button.obj                224     0         0      
       LED.obj                        66      0         0      
    +--+------------------------------+-------+---------+---------+
       Total:                         290     0         0      
                                                               
    .\MCAL\Sources\
       CAN.obj                        348     0         0      
    +--+------------------------------+-------+---------+---------+
       Total:                         348     0         0      
                                                               
    .\OS_Tasks\Sources\
       CAN_TASKS.obj                  296     0         4      
    +--+------------------------------+-------+---------+---------+
       Total:                         296     0         4      
                                                               
    .\portable\CCS\ARM_CM4F\
       port.obj                       316     4         4      
       portasm.obj                    218     0         0      
    +--+------------------------------+-------+---------+---------+
       Total:                         534     4         4      
                                                               
    .\portable\MemMang\
       heap_1.obj                     156     0         30008  
    +--+------------------------------+-------+---------+---------+
       Total:                         156     0         30008  
                                                               
    .\source\
       tasks.obj                      6156    0         480    
       event_groups.obj               968     0         0      
       list.obj                       298     0         0      
    +--+------------------------------+-------+---------+---------+
       Total:                         7422    0         480    
                                                               
    C:/ti/TivaWare_C_Series-2.1.4.178/driverlib/ccs/Debug/driverlib.lib
       can.obj                        972     32        0      
       sysctl.obj                     630     108       0      
       gpio.obj                       510     144       0      
       interrupt.obj                  104     112       0      
       uart.obj                       6       0         0      
    +--+------------------------------+-------+---------+---------+
       Total:                         2222    396       0      
                                                               
    C:\ti\ccsv8\tools\compiler\ti-cgt-arm_18.1.1.LTS\lib\rtsv7M4_T_le_v4SPD16_eabi.lib
       memcpy_t2.asm.obj              156     0         0      
       memset_t2.asm.obj              122     0         0      
       copy_decompress_lzss.c.obj     104     0         0      
       autoinit.c.obj                 68      0         0      
       u_divt2.asm.obj                64      0         0      
       boot_cortex_m.c.obj            56      0         0      
       copy_decompress_none.c.obj     14      0         0      
       copy_zero_init.c.obj           12      0         0      
       exit.c.obj                     4       0         0      
       pre_init.c.obj                 4       0         0      
       div0.asm.obj                   2       0         0      
    +--+------------------------------+-------+---------+---------+
       Total:                         606     0         0      
                                                               
       Stack:                         0       0         512    
       Linker Generated:              0       52        0      
    +--+------------------------------+-------+---------+---------+
       Grand Total:                   14322   1118      31083  


LINKER GENERATED COPY TABLES

__TI_cinit_table @ 00003c50 records: 2, size/record: 8, table size: 16
	.data: load addr=00003c28, load size=00000010 bytes, run addr=20007920, run size=00000054 bytes, compression=lzss
	.bss: load addr=00003c48, load size=00000008 bytes, run addr=20000000, run size=00007719 bytes, compression=zero_init


LINKER GENERATED HANDLER TABLE

__TI_handler_table @ 00003c38 records: 3, size/record: 4, table size: 12
	index: 0, handler: __TI_decompress_lzss
	index: 1, handler: __TI_decompress_none
	index: 2, handler: __TI_zero_init


GLOBAL SYMBOLS: SORTED ALPHABETICALLY BY Name 

address   name                                           
-------   ----                                           
2000795e  APP_Regulator_ctr                              
2000795f  APP_START                                      
20007718  Action_Switch_State                            
00003a61  C$$EXIT                                        
00002837  CAN0_Enable                                    
000027c5  CAN0_init                                      
0000287b  CAN0_msg_config_RX                             
0000284b  CAN0_msg_config_TX                             
000028bb  CAN0_msg_receive                               
000028ab  CAN0_msg_send                                  
00002841  CAN1_Enable                                    
00002819  CAN1_init                                      
0000359d  CANBitRateSet                                  
00003a33  CANEnable                                      
00003827  CANInit                                        
0000397d  CANIntClear                                    
00003a3d  CANIntEnable                                   
0000264f  CANIntHandler                                  
0000399f  CANIntStatus                                   
00003029  CANMessageGet                                  
00002a5d  CANMessageSet                                  
000037a7  CANStatusGet                                   
0000250b  CAN_APP_SELECT_Node_DEST_ID_SEND               
00002367  CAN_APP_config_RX_msg                          
0000235b  CAN_APP_config_TX_msg                          
00002327  CAN_APP_init_fun                               
00002489  CAN_APP_node_check_the_token                   
00002373  CAN_APP_rec_set_message                        
000023fd  CAN_APP_receive_the_messages_according_to_state
00002383  CAN_APP_send_the_messages_according_to_state   
0000231d  CAN_APP_sys_init                               
00002e9f  CAN_LED_Task                                   
00002e81  CAN_Rx_Task                                    
00002e1f  CAN_STARTUP_MSG_TASK_Rec                       
00002e0f  CAN_STARTUP_MSG_TASK_Send                      
00002e5b  CAN_Tx_Task                                    
00003905  GPIODirModeSet                                 
00002b93  GPIOPadConfigSet                               
000036d9  GPIOPinConfigure                               
00003a45  GPIOPinRead                                    
000039d7  GPIOPinTypeCAN                                 
000039e9  GPIOPinTypeGPIOInput                           
000039bf  GPIOPinTypeGPIOOutput                          
000039fb  GPIOPinTypeUART                                
00003a4b  GPIOPinWrite                                   
00002609  InitConsole                                    
00003609  IntEnable                                      
00003765  LED_init                                       
0000378b  LED_write                                      
000032b1  Push_Button_Read                               
0000322d  Push_Button_init                               
00003a27  ResetISR                                       
00002645  SimpleDelay                                    
2000795d  Switch_State                                   
00002f19  SysCtlClockGet                                 
00003139  SysCtlClockSet                                 
00003a51  SysCtlDelay                                    
000038d1  SysCtlPeripheralEnable                         
00003861  SysCtlPeripheralReady                          
00003a57  UARTClockSourceSet                             
00001a79  UARTStdioConfig                                
00001bf1  UARTgetc                                       
00001b2b  UARTgets                                       
00001f1f  UARTprintf                                     
00001c25  UARTvprintf                                    
00001ad9  UARTwrite                                      
20007920  __STACK_END                                    
00000200  __STACK_SIZE                                   
20007920  __STACK_TOP                                    
00003c50  __TI_CINIT_Base                                
00003c60  __TI_CINIT_Limit                               
00003c38  __TI_Handler_Table_Base                        
00003c44  __TI_Handler_Table_Limit                       
00003721  __TI_auto_init_nobinit_nopinit                 
00003671  __TI_decompress_lzss                           
00003a0d  __TI_decompress_none                           
ffffffff  __TI_pprof_out_hndl                            
ffffffff  __TI_prof_data_size                            
ffffffff  __TI_prof_data_start                           
00000000  __TI_static_base__                             
00003a1b  __TI_zero_init                                 
00002def  __aeabi_idiv0                                  
00002def  __aeabi_ldiv0                                  
00003521  __aeabi_memclr                                 
00003521  __aeabi_memclr4                                
00003521  __aeabi_memclr8                                
00003485  __aeabi_memcpy                                 
00003485  __aeabi_memcpy4                                
00003485  __aeabi_memcpy8                                
00003523  __aeabi_memset                                 
00003523  __aeabi_memset4                                
00003523  __aeabi_memset8                                
000037e7  __aeabi_uidiv                                  
000037e7  __aeabi_uidivmod                               
ffffffff  __binit__                                      
ffffffff  __c_args__                                     
UNDEFED   __mpu_init                                     
20007720  __stack                                        
00003899  _c_int00_noargs                                
UNDEFED   _system_post_cinit                             
00003a5d  _system_pre_init                               
00003a61  abort                                          
ffffffff  binit                                          
20007704  can_messages_rx_arr                            
2000770c  can_messages_tx_arr                            
000005dd  eTaskGetState                                  
2000795c  g_bErrFlag                                     
20007954  g_bRXFlag1                                     
20007955  g_bRXFlag2                                     
00000000  g_pfnVectors                                   
20007958  g_ui32MsgCount                                 
00002df1  init_Task                                      
20007714  led_event_gp                                   
000026bf  main                                           
00003485  memcpy                                         
00003529  memset                                         
00000b99  pcTaskGetName                                  
000033e9  pvPortMalloc                                   
000015ab  pvTaskIncrementMutexHeldCount                  
20007920  pxCurrentTCB                                   
00002921  pxPortInitialiseStack                          
200076d4  sMsgObjectRx                                   
200076e8  sMsgObjectTx                                   
00003c1c  ulMaxSyscallInterruptPriority                  
0000331d  ulPortGetIPSR                                  
000015c9  ulTaskNotifyTake                               
000022eb  uxEventGroupGetNumber                          
00002da7  uxListRemove                                   
00000b8d  uxTaskGetNumberOfTasks                         
00001285  uxTaskGetStackHighWaterMark                    
00000bbd  uxTaskGetSystemState                           
00000ffb  uxTaskGetTaskNumber                            
0000068d  uxTaskPriorityGet                              
000006b9  uxTaskPriorityGetFromISR                       
00001589  uxTaskResetEventItemValue                      
000022a5  vEventGroupClearBitsCallback                   
00002261  vEventGroupDelete                              
00002295  vEventGroupSetBitsCallback                     
0000230b  vEventGroupSetNumber                           
00002cc5  vListInitialise                                
00002cf5  vListInitialiseItem                            
00002d41  vListInsert                                    
00002d05  vListInsertEnd                                 
000033d9  vPortEnableVFP                                 
000029c1  vPortEndScheduler                              
000029c3  vPortEnterCritical                             
000029e3  vPortExitCritical                              
00003459  vPortFree                                      
00003463  vPortInitialiseBlocks                          
00003395  vPortSVCHandler                                
00002a1f  vPortSetupTimerInterrupt                       
000033b5  vPortStartFirstTask                            
000005a3  vTaskDelay                                     
00000513  vTaskDelayUntil                                
00000465  vTaskDelete                                    
00000a65  vTaskEndScheduler                              
000010f9  vTaskGetInfo                                   
00000f4f  vTaskInternalSetTimeOutState                   
00000ff3  vTaskMissedYield                               
000018d1  vTaskNotifyGiveFromISR                         
00000df9  vTaskPlaceOnEventList                          
00000e15  vTaskPlaceOnUnorderedEventList                 
000014b3  vTaskPriorityDisinheritAfterTimeout            
00000705  vTaskPrioritySet                               
00000ec9  vTaskRemoveFromUnorderedEventList              
00000925  vTaskResume                                    
0000101b  vTaskSetTaskNumber                             
00000f31  vTaskSetTimeOutState                           
00000a15  vTaskStartScheduler                            
00000811  vTaskSuspend                                   
00000a81  vTaskSuspendAll                                
00000d91  vTaskSwitchContext                             
00002139  xEventGroupClearBits                           
00001f55  xEventGroupCreate                              
00002165  xEventGroupGetBitsFromISR                      
00002195  xEventGroupSetBits                             
00001f75  xEventGroupSync                                
00002049  xEventGroupWaitBits                            
0000346b  xPortGetFreeHeapSize                           
00003335  xPortPendSVHandler                             
0000298b  xPortStartScheduler                            
000029f9  xPortSysTickHandler                            
00000f75  xTaskCheckForTimeOut                           
0000026d  xTaskCreate                                    
000016eb  xTaskGenericNotify                             
000017c5  xTaskGenericNotifyFromISR                      
00001301  xTaskGetCurrentTaskHandle                      
00000b69  xTaskGetTickCount                              
00000b79  xTaskGetTickCountFromISR                       
00000ca5  xTaskIncrementTick                             
0000197d  xTaskNotifyStateClear                          
00001649  xTaskNotifyWait                                
00001415  xTaskPriorityDisinherit                        
00001335  xTaskPriorityInherit                           
00000e45  xTaskRemoveFromEventList                       
00000a99  xTaskResumeAll                                 
0000098b  xTaskResumeFromISR                             


GLOBAL SYMBOLS: SORTED BY Symbol Address 

address   name                                           
-------   ----                                           
00000000  __TI_static_base__                             
00000000  g_pfnVectors                                   
00000200  __STACK_SIZE                                   
0000026d  xTaskCreate                                    
00000465  vTaskDelete                                    
00000513  vTaskDelayUntil                                
000005a3  vTaskDelay                                     
000005dd  eTaskGetState                                  
0000068d  uxTaskPriorityGet                              
000006b9  uxTaskPriorityGetFromISR                       
00000705  vTaskPrioritySet                               
00000811  vTaskSuspend                                   
00000925  vTaskResume                                    
0000098b  xTaskResumeFromISR                             
00000a15  vTaskStartScheduler                            
00000a65  vTaskEndScheduler                              
00000a81  vTaskSuspendAll                                
00000a99  xTaskResumeAll                                 
00000b69  xTaskGetTickCount                              
00000b79  xTaskGetTickCountFromISR                       
00000b8d  uxTaskGetNumberOfTasks                         
00000b99  pcTaskGetName                                  
00000bbd  uxTaskGetSystemState                           
00000ca5  xTaskIncrementTick                             
00000d91  vTaskSwitchContext                             
00000df9  vTaskPlaceOnEventList                          
00000e15  vTaskPlaceOnUnorderedEventList                 
00000e45  xTaskRemoveFromEventList                       
00000ec9  vTaskRemoveFromUnorderedEventList              
00000f31  vTaskSetTimeOutState                           
00000f4f  vTaskInternalSetTimeOutState                   
00000f75  xTaskCheckForTimeOut                           
00000ff3  vTaskMissedYield                               
00000ffb  uxTaskGetTaskNumber                            
0000101b  vTaskSetTaskNumber                             
000010f9  vTaskGetInfo                                   
00001285  uxTaskGetStackHighWaterMark                    
00001301  xTaskGetCurrentTaskHandle                      
00001335  xTaskPriorityInherit                           
00001415  xTaskPriorityDisinherit                        
000014b3  vTaskPriorityDisinheritAfterTimeout            
00001589  uxTaskResetEventItemValue                      
000015ab  pvTaskIncrementMutexHeldCount                  
000015c9  ulTaskNotifyTake                               
00001649  xTaskNotifyWait                                
000016eb  xTaskGenericNotify                             
000017c5  xTaskGenericNotifyFromISR                      
000018d1  vTaskNotifyGiveFromISR                         
0000197d  xTaskNotifyStateClear                          
00001a79  UARTStdioConfig                                
00001ad9  UARTwrite                                      
00001b2b  UARTgets                                       
00001bf1  UARTgetc                                       
00001c25  UARTvprintf                                    
00001f1f  UARTprintf                                     
00001f55  xEventGroupCreate                              
00001f75  xEventGroupSync                                
00002049  xEventGroupWaitBits                            
00002139  xEventGroupClearBits                           
00002165  xEventGroupGetBitsFromISR                      
00002195  xEventGroupSetBits                             
00002261  vEventGroupDelete                              
00002295  vEventGroupSetBitsCallback                     
000022a5  vEventGroupClearBitsCallback                   
000022eb  uxEventGroupGetNumber                          
0000230b  vEventGroupSetNumber                           
0000231d  CAN_APP_sys_init                               
00002327  CAN_APP_init_fun                               
0000235b  CAN_APP_config_TX_msg                          
00002367  CAN_APP_config_RX_msg                          
00002373  CAN_APP_rec_set_message                        
00002383  CAN_APP_send_the_messages_according_to_state   
000023fd  CAN_APP_receive_the_messages_according_to_state
00002489  CAN_APP_node_check_the_token                   
0000250b  CAN_APP_SELECT_Node_DEST_ID_SEND               
00002609  InitConsole                                    
00002645  SimpleDelay                                    
0000264f  CANIntHandler                                  
000026bf  main                                           
000027c5  CAN0_init                                      
00002819  CAN1_init                                      
00002837  CAN0_Enable                                    
00002841  CAN1_Enable                                    
0000284b  CAN0_msg_config_TX                             
0000287b  CAN0_msg_config_RX                             
000028ab  CAN0_msg_send                                  
000028bb  CAN0_msg_receive                               
00002921  pxPortInitialiseStack                          
0000298b  xPortStartScheduler                            
000029c1  vPortEndScheduler                              
000029c3  vPortEnterCritical                             
000029e3  vPortExitCritical                              
000029f9  xPortSysTickHandler                            
00002a1f  vPortSetupTimerInterrupt                       
00002a5d  CANMessageSet                                  
00002b93  GPIOPadConfigSet                               
00002cc5  vListInitialise                                
00002cf5  vListInitialiseItem                            
00002d05  vListInsertEnd                                 
00002d41  vListInsert                                    
00002da7  uxListRemove                                   
00002def  __aeabi_idiv0                                  
00002def  __aeabi_ldiv0                                  
00002df1  init_Task                                      
00002e0f  CAN_STARTUP_MSG_TASK_Send                      
00002e1f  CAN_STARTUP_MSG_TASK_Rec                       
00002e5b  CAN_Tx_Task                                    
00002e81  CAN_Rx_Task                                    
00002e9f  CAN_LED_Task                                   
00002f19  SysCtlClockGet                                 
00003029  CANMessageGet                                  
00003139  SysCtlClockSet                                 
0000322d  Push_Button_init                               
000032b1  Push_Button_Read                               
0000331d  ulPortGetIPSR                                  
00003335  xPortPendSVHandler                             
00003395  vPortSVCHandler                                
000033b5  vPortStartFirstTask                            
000033d9  vPortEnableVFP                                 
000033e9  pvPortMalloc                                   
00003459  vPortFree                                      
00003463  vPortInitialiseBlocks                          
0000346b  xPortGetFreeHeapSize                           
00003485  __aeabi_memcpy                                 
00003485  __aeabi_memcpy4                                
00003485  __aeabi_memcpy8                                
00003485  memcpy                                         
00003521  __aeabi_memclr                                 
00003521  __aeabi_memclr4                                
00003521  __aeabi_memclr8                                
00003523  __aeabi_memset                                 
00003523  __aeabi_memset4                                
00003523  __aeabi_memset8                                
00003529  memset                                         
0000359d  CANBitRateSet                                  
00003609  IntEnable                                      
00003671  __TI_decompress_lzss                           
000036d9  GPIOPinConfigure                               
00003721  __TI_auto_init_nobinit_nopinit                 
00003765  LED_init                                       
0000378b  LED_write                                      
000037a7  CANStatusGet                                   
000037e7  __aeabi_uidiv                                  
000037e7  __aeabi_uidivmod                               
00003827  CANInit                                        
00003861  SysCtlPeripheralReady                          
00003899  _c_int00_noargs                                
000038d1  SysCtlPeripheralEnable                         
00003905  GPIODirModeSet                                 
0000397d  CANIntClear                                    
0000399f  CANIntStatus                                   
000039bf  GPIOPinTypeGPIOOutput                          
000039d7  GPIOPinTypeCAN                                 
000039e9  GPIOPinTypeGPIOInput                           
000039fb  GPIOPinTypeUART                                
00003a0d  __TI_decompress_none                           
00003a1b  __TI_zero_init                                 
00003a27  ResetISR                                       
00003a33  CANEnable                                      
00003a3d  CANIntEnable                                   
00003a45  GPIOPinRead                                    
00003a4b  GPIOPinWrite                                   
00003a51  SysCtlDelay                                    
00003a57  UARTClockSourceSet                             
00003a5d  _system_pre_init                               
00003a61  C$$EXIT                                        
00003a61  abort                                          
00003c1c  ulMaxSyscallInterruptPriority                  
00003c38  __TI_Handler_Table_Base                        
00003c44  __TI_Handler_Table_Limit                       
00003c50  __TI_CINIT_Base                                
00003c60  __TI_CINIT_Limit                               
200076d4  sMsgObjectRx                                   
200076e8  sMsgObjectTx                                   
20007704  can_messages_rx_arr                            
2000770c  can_messages_tx_arr                            
20007714  led_event_gp                                   
20007718  Action_Switch_State                            
20007720  __stack                                        
20007920  __STACK_END                                    
20007920  __STACK_TOP                                    
20007920  pxCurrentTCB                                   
20007954  g_bRXFlag1                                     
20007955  g_bRXFlag2                                     
20007958  g_ui32MsgCount                                 
2000795c  g_bErrFlag                                     
2000795d  Switch_State                                   
2000795e  APP_Regulator_ctr                              
2000795f  APP_START                                      
ffffffff  __TI_pprof_out_hndl                            
ffffffff  __TI_prof_data_size                            
ffffffff  __TI_prof_data_start                           
ffffffff  __binit__                                      
ffffffff  __c_args__                                     
ffffffff  binit                                          
UNDEFED   __mpu_init                                     
UNDEFED   _system_post_cinit                             

[197 symbols]
